  Stack.h
  test.cpp
E:\CPlus\Code\C_Study\2026_5_11 stack_queue\2026_5_11 stack_queue\priority_queue.h(38,15): warning C4267: “初始化”: 从“size_t”转换到“int”，可能丢失数据
  (编译源文件“test.cpp”)
  E:\CPlus\Code\C_Study\2026_5_11 stack_queue\2026_5_11 stack_queue\priority_queue.h(38,15):
  模板实例化上下文(最早的实例化上下文)为
  	E:\CPlus\Code\C_Study\2026_5_11 stack_queue\2026_5_11 stack_queue\priority_queue.h(115,50):
  	查看对正在编译的 类 模板 实例化“bite::priority_queue<int,std::vector<T,std::allocator<T>>,bite::greater<T>>”的引用
          with
          [
              T=int
          ]
  	E:\CPlus\Code\C_Study\2026_5_11 stack_queue\2026_5_11 stack_queue\priority_queue.h(35,8):
  	在编译 类 模板 成员函数“void bite::priority_queue<int,std::vector<T,std::allocator<T>>,bite::greater<T>>::adjust_up(size_t)”时
          with
          [
              T=int
          ]
  		E:\CPlus\Code\C_Study\2026_5_11 stack_queue\2026_5_11 stack_queue\priority_queue.h(57,13):
  		请参阅 "bite::priority_queue<int,std::vector<T,std::allocator<T>>,bite::greater<T>>::push" 中对 "bite::priority_queue<int,std::vector<T,std::allocator<T>>,bite::greater<T>>::adjust_up" 的第一个引用
          with
          [
              T=int
          ]
  		E:\CPlus\Code\C_Study\2026_5_11 stack_queue\2026_5_11 stack_queue\priority_queue.h(116,11):
  		请参阅 "bite::test_priority_queue" 中对 "bite::priority_queue<int,std::vector<T,std::allocator<T>>,bite::greater<T>>::push" 的第一个引用
          with
          [
              T=int
          ]
  
E:\CPlus\Code\C_Study\2026_5_11 stack_queue\2026_5_11 stack_queue\priority_queue.h(45,27): warning C4267: “=”: 从“size_t”转换到“int”，可能丢失数据
  (编译源文件“test.cpp”)
  
  正在生成代码...
  2026_5_11 stack_queue.vcxproj -> E:\CPlus\Code\C_Study\2026_5_11 stack_queue\x64\Debug\2026_5_11 stack_queue.exe
