e:\cplus\code\c_study\2026_6_12 avl\2026_6_12 avl\x64\debug\vc143.pdb
e:\cplus\code\c_study\2026_6_12 avl\2026_6_12 avl\x64\debug\vc143.idb
e:\cplus\code\c_study\2026_6_12 avl\2026_6_12 avl\x64\debug\test.obj
e:\cplus\code\c_study\2026_6_12 avl\2026_6_12 avl\x64\debug\avl.obj
e:\cplus\code\c_study\2026_6_12 avl\2026_6_12 avl\x64\debug\2026_6_12 avl.ilk
e:\cplus\code\c_study\2026_6_12 avl\x64\debug\2026_6_12 avl.pdb
e:\cplus\code\c_study\2026_6_12 avl\2026_6_12 avl\x64\debug\2026_6_12 avl.tlog\cl.read.1.tlog
e:\cplus\code\c_study\2026_6_12 avl\2026_6_12 avl\x64\debug\2026_6_12 avl.tlog\cl.write.1.tlog
e:\cplus\code\c_study\2026_6_12 avl\2026_6_12 avl\x64\debug\2026_6_12 avl.tlog\cl.command.1.tlog
e:\cplus\code\c_study\2026_6_12 avl\2026_6_12 avl\x64\debug\2026_6_12 avl.tlog\link.read.2.tlog
e:\cplus\code\c_study\2026_6_12 avl\2026_6_12 avl\x64\debug\2026_6_12 avl.tlog\link.write.1.tlog
e:\cplus\code\c_study\2026_6_12 avl\2026_6_12 avl\x64\debug\2026_6_12 avl.tlog\link.secondary.1.tlog
e:\cplus\code\c_study\2026_6_12 avl\2026_6_12 avl\x64\debug\2026_6_12 avl.tlog\link.command.1.tlog
e:\cplus\code\c_study\2026_6_12 avl\2026_6_12 avl\x64\debug\2026_6_12 avl.tlog\cl.items.tlog
e:\cplus\code\c_study\2026_6_12 avl\2026_6_12 avl\x64\debug\2026_6_12 avl.tlog\link.3280-rc.read.1.tlog
e:\cplus\code\c_study\2026_6_12 avl\2026_6_12 avl\x64\debug\2026_6_12 avl.tlog\link.3280-rc.write.1.tlog
e:\cplus\code\c_study\2026_6_12 avl\2026_6_12 avl\x64\debug\2026_6_12 avl.tlog\link.3280-cvtres.read.1.tlog
e:\cplus\code\c_study\2026_6_12 avl\2026_6_12 avl\x64\debug\2026_6_12 avl.tlog\link.3280-cvtres.write.1.tlog
e:\cplus\code\c_study\2026_6_12 avl\2026_6_12 avl\x64\debug\2026_6_12 avl.tlog\link.3280.read.2.tlog
e:\cplus\code\c_study\2026_6_12 avl\2026_6_12 avl\x64\debug\2026_6_12 avl.tlog\link.3280.read.1.tlog
e:\cplus\code\c_study\2026_6_12 avl\2026_6_12 avl\x64\debug\2026_6_12 avl.tlog\link.3280.write.1.tlog
e:\cplus\code\c_study\2026_6_12 avl\2026_6_12 avl\x64\debug\2026_6_12 avl.tlog\link.read.1.tlog
